// Jest Snapshot v1, https://goo.gl/fbAQLP

exports[`Pruebas en <TodoApp/> debe renderizar correctamente 1`] = `
<div>
  <h1>
    Todo App
    <small>
      (
      0
      )
    </small>
  </h1>
  <hr />
  <div
    className="row"
  >
    <div
      className="col-sm-12 col-md-7 mb-2"
    >
      <TodoList
        handleDelete={[Function]}
        handleToogle={[Function]}
        todos={Array []}
      />
    </div>
    <div
      className="col"
    >
      <TodoForm
        handleAddTodo={[Function]}
      />
    </div>
  </div>
</div>
`;
